+---++---++---++---++---++---++---++---++---+
|                                           |
| d                                         |
|                                           |
+   ++   ++   ++   ++   ++   ++   ++   ++   +
+   ++   ++   ++   ++   ++   ++   ++   ++   +
|                                           |
|                                           |
|                                           |
+   ++   ++   ++   ++   ++   ++   ++   ++   +
+   ++   ++   ++   ++   ++   ++   ++   ++   +
|                                           |
|           S                               D
|                                           |
+   ++---++   ++---++---++---++-D-++   ++   +
+   ++---++   ++---++---++---++-D-++   ++   +
|   ||   ||   ||             ||   ||        |
|   ||   ||   ||             ||   ||        |
|   ||   ||   ||             ||   ||        |
+   ++   ++   ++   ++   ++---++   ++---++   +
+   ++   ++   ++   ++   ++---++   ++---++   +
|   ||   ||   ||        ||             ||   |
|   ||   ||   ||        ||      T2     ||   |
|   ||   ||   ||        ||             ||   |
+   ++---++-D-++---++   ++---++---++---++   +
+   ++---++-D-++---++   ++---++---++---++   +
|   ||             ||                       |
|   ||      E1     ||                       |
|   ||             ||                       |
+   ++   ++   ++   ++   ++   ++---++---++---+
+   ++   ++   ++   ++   ++   ++---++---++---+
|   ||             ||        ||             |
|   ||w 1   T1     ||        ||             |
|   ||             ||        ||             |
+   ++---++---++---++   ++   ++   ++   ++   +
+   ++---++---++---++   ++   ++   ++   ++   +
|                            ||             |
|                            ||      E2     |
|                            ||             |
+   ++   ++   ++   ++   ++   ++---++-D-++---+
+   ++   ++   ++   ++   ++   ++---++-D-++---+
|                                           |
| L                                         |
|                                           |
+---++---++---++---++---++---++---++---++---+

Event, Key, Arg
Warp, 1, 0 6
Encounter, 1, "some fixed encounter statement"
Treasure, 1, ItemId1 ItemId2 ItemId3