+---+---+---+---+---+---+---+---+---+
|                                   |
|                                   |
|                                   |
+   +   +   +   +   +   +   +   +   +
|                                   |
|                                   |
|                                   |
+   +   +   +   +   +   +   +   +   +
|                                   |
|                                   |
|                                   |
+   +---+   +---+---+---+-D-+   +   +
|   |   |   |           |   |       |
|   |   |   |           |   |       |
|   |   |   |           |   |       |
+   +   +   +   +   +---+   +---+   +
|   |   |   |       |           |   |
|   |   |   |       |     T     |   |
|   |   |   |       |           |   |
+   +---+-D-+---+   +---+---+---+   +
|   |           |                   |
|   |     E     |                   |
|   |           |                   |
+   +   +   +   +   +   +---+---+---+
|   |           |       |           |
|   |     T     |       |           |
|   |           |       |           |
+   +---+---+---+   +   +   +   +   +
|                       |           |
|                       |     E     |
|                       |           |
+   +   +   +   +   +   +---+-D-+---+
|                                   |
|                                   |
|                                   |
+---+---+---+---+---+---+---+---+---+